I'm sorry, but errors were detected in your script. Please correct the
errors listed below, and try again.


File "game/script.rpy", line 4: indentation mismatch.

Ren'Py Version: Ren'Py 7.4.11.2266
Wed Dec 15 16:15:29 2021
